// Jest Snapshot v1, https://goo.gl/fbAQLP

exports[`<NavBar /> Should render correct snapshot 1`] = `
.c1 {
  display: block;
  color: #0A1128;
  font-size: 1.6rem;
  padding: 1.6rem;
  position: relative;
}

.c1::after {
  content: '';
  position: absolute;
  background-color: #DC143C;
  height: 0.2rem;
  width: 0%;
  bottom: 10px;
  left: 50%;
  -webkit-transition: all 300ms ease-in-out;
  transition: all 300ms ease-in-out;
}

.c1:hover:after {
  left: 25%;
  width: 50%;
}

.c0 {
  background-color: white;
  display: -webkit-box;
  display: -webkit-flex;
  display: -ms-flexbox;
  display: flex;
  -webkit-flex-direction: row;
  -ms-flex-direction: row;
  flex-direction: row;
  -webkit-flex-wrap: wrap;
  -ms-flex-wrap: wrap;
  flex-wrap: wrap;
}

@media (max-width:768px) {
  .c0 {
    -webkit-flex-flow: column wrap;
    -ms-flex-flow: column wrap;
    flex-flow: column wrap;
    -webkit-box-pack: center;
    -webkit-justify-content: center;
    -ms-flex-pack: center;
    justify-content: center;
    -webkit-align-items: center;
    -webkit-box-align: center;
    -ms-flex-align: center;
    align-items: center;
  }
}

<ul
  aria-label="Main menu"
  class="c0"
>
  <a
    class="c1"
    href="#target2"
    target="_blank"
  >
    link2
  </a>
  <a
    class="c1"
    href="#target3"
    target="_blank"
  >
    link3
  </a>
  <a
    class="c1"
    href="#target4"
    target="_blank"
  >
    link4
  </a>
  <a
    class="c1"
    href="#target5"
    target="_blank"
  >
    link5
  </a>
  <a
    class="c1"
    href="#target6"
    target="_blank"
  >
    link6
  </a>
  <a
    class="c1"
    href="#target7"
    target="_blank"
  >
    link7
  </a>
  <a
    class="c1"
    href="#target8"
    target="_blank"
  >
    link8
  </a>
  <a
    class="c1"
    href="#target9"
    target="_blank"
  >
    link9
  </a>
  <a
    class="c1"
    href="#target10"
    target="_blank"
  >
    link10
  </a>
</ul>
`;
