// Jest Snapshot v1, https://goo.gl/fbAQLP

exports[`<TextComponent /> Should render <TextComponent /> 1`] = `
.c0 {
  font-size: 2.4rem;
  color: #fff;
}

<p
  class="c0"
>
  Hello
</p>
`;
