// Jest Snapshot v1, https://goo.gl/fbAQLP

exports[`<GridSection /> Should render <GridSection /> 1`] = `
.c3 {
  color: #0A1128;
  font-size: 6.4rem;
  text-transform: uppercase;
}

.c8 {
  color: #0A1128;
  font-size: 3.2rem;
  text-transform: uppercase;
}

.c5 {
  font-size: 2.4rem;
  color: #0A1128;
}

.c1 .c4 {
  margin-bottom: 6.4rem;
  background: #fff;
}

.c7 .c2 {
  position: relative;
  left: 5rem;
}

.c7 .c2::before {
  counter-increment: grid-counter;
  content: counter(grid-counter);
  position: absolute;
  font-size: 7rem;
  top: -2rem;
  left: -5rem;
  -webkit-transform: rotate(5deg);
  -ms-transform: rotate(5deg);
  transform: rotate(5deg);
}

.c6 {
  counter-reset: grid-counter;
  display: grid;
  grid-template-columns: repeat(auto-fill,minmax(280px,1fr));
  gap: 3.2rem;
}

.c0 {
  background: #fff;
  color: #0A1128;
  min-height: 100vh;
  display: -webkit-box;
  display: -webkit-flex;
  display: -ms-flexbox;
  display: flex;
  -webkit-align-items: center;
  -webkit-box-align: center;
  -ms-flex-align: center;
  align-items: center;
}

@media (max-width:768px) {
  .c3 {
    font-size: 3.2rem;
  }
}

<div>
  <div
    class="c0"
  >
    <div
      class="c1"
    >
      <h2
        class="c2 c3"
      >
        My grid
      </h2>
      <p
        class="c4 c5"
      >
        Atque doloribus nobis laudantium esse ut, non commodi maxime distinctio veritatis unde
      </p>
      <div
        class="c6"
      >
        <div
          class="c7"
        >
          <h3
            class="c2 c8"
          >
            Teste 1
          </h3>
          <p
            class="c4 c5"
          >
            Lorem ipsum dolor sit, amet consectetur adipisicing elit. Debitis cum delectus molestias. Atque doloribus nobis laudantium esse ut, non commodi maxime distinctio veritatis unde, reprehenderit minus ad dolores provident maiores.
          </p>
        </div>
        <div
          class="c7"
        >
          <h3
            class="c2 c8"
          >
            Teste 2
          </h3>
          <p
            class="c4 c5"
          >
            Lorem ipsum dolor sit, amet consectetur adipisicing elit. Debitis cum delectus molestias. Atque doloribus nobis laudantium esse ut, non commodi maxime distinctio veritatis unde, reprehenderit minus ad dolores provident maiores.
          </p>
        </div>
        <div
          class="c7"
        >
          <h3
            class="c2 c8"
          >
            Teste 3
          </h3>
          <p
            class="c4 c5"
          >
            Lorem ipsum dolor sit, amet consectetur adipisicing elit. Debitis cum delectus molestias. Atque doloribus nobis laudantium esse ut, non commodi maxime distinctio veritatis unde, reprehenderit minus ad dolores provident maiores.
          </p>
        </div>
      </div>
    </div>
  </div>
</div>
`;
