// Jest Snapshot v1, https://goo.gl/fbAQLP

exports[`<Footer /> Should render <Footer /> 1`] = `
.c3 {
  font-size: 2.4rem;
  color: #0A1128;
}

.c2 {
  max-width: 120rem;
  margin: 0 auto;
  padding: 3.2rem;
}

.c0 {
  text-align: center;
  border: 0.1rem solid #DDDDDD;
}

.c0 a {
  color: inherit;
  -webkit-text-decoration: none;
  text-decoration: none;
}

.c0 .c1 {
  padding-top: 0px;
  padding-bottom: 0px;
}

<div>
  <div
    class="c0"
  >
    <div
      class="c1 c2"
    >
      <div>
        <p
          class="c3"
        >
          <h1>
            Create by Vinicus Amorim
          </h1>
        </p>
      </div>
    </div>
  </div>
</div>
`;
