// Jest Snapshot v1, https://goo.gl/fbAQLP

exports[`<SectionBackground /> Should render snapshot 1`] = `
.c0 {
  background: #fff;
  color: #0A1128;
  min-height: 100vh;
  display: -webkit-box;
  display: -webkit-flex;
  display: -ms-flexbox;
  display: flex;
  -webkit-align-items: center;
  -webkit-box-align: center;
  -ms-flex-align: center;
  align-items: center;
}

<div
  class="c0"
>
  oi
</div>
`;
