// Jest Snapshot v1, https://goo.gl/fbAQLP

exports[`<Gridimage /> Should render <Gridimage /> 1`] = `
.c4 {
  font-size: 2.4rem;
  color: #0A1128;
}

.c1 padding:200px .c3 {
  margin-bottom: 6.4rem;
}

.c5 {
  display: grid;
  grid-template-columns: repeat(auto-fill,minmax(280px,1fr));
  gap: 3.2rem;
}

.c6 {
  overflow: hidden;
}

.c7 {
  width: 100%;
  height: 100%;
  -webkit-transition: all 300ms ease-in-out;
  transition: all 300ms ease-in-out;
}

.c7:hover {
  -webkit-transform: scale(1.2);
  -ms-transform: scale(1.2);
  transform: scale(1.2);
}

.c0 {
  background: #fff;
  color: #0A1128;
  min-height: 100vh;
  display: -webkit-box;
  display: -webkit-flex;
  display: -ms-flexbox;
  display: flex;
  -webkit-align-items: center;
  -webkit-box-align: center;
  -ms-flex-align: center;
  align-items: center;
}

.c2 {
  color: #0A1128;
  font-size: 6.4rem;
  text-transform: uppercase;
}

@media (max-width:768px) {
  .c2 {
    font-size: 3.2rem;
  }
}

<div>
  <div
    class="c0"
  >
    <div
      class="c1"
    >
      <h2
        class="c2"
      >
        My grid
      </h2>
      <p
        class="c3 c4"
      >
        Lorem, ipsum dolor sit amet consectetur adipisicing elit. Molestiae quisquam ex modi reprehenderit officia nam blanditiis animi laboriosam aperiam voluptatibus, fuga placeat architecto, dicta impedit non dolores repellat natus inventore!
      </p>
      <div
        class="c5"
      >
        <div
          class="c6"
        >
          <img
            alt="accusamus beatae ad facilis cum similique qui sunt"
            class="c7"
            src="https://via.placeholder.com/600/92c952"
          />
        </div>
        <div
          class="c6"
        >
          <img
            alt="reprehenderit est deserunt velit ipsam"
            class="c7"
            src="https://via.placeholder.com/600/771796"
          />
        </div>
        <div
          class="c6"
        >
          <img
            alt="officia porro iure quia iusto qui ipsa ut modi"
            class="c7"
            src="https://via.placeholder.com/600/24f355"
          />
        </div>
        <div
          class="c6"
        >
          <img
            alt="culpa odio esse rerum omnis laboriosam voluptate repudiandae"
            class="c7"
            src="https://via.placeholder.com/600/d32776"
          />
        </div>
        <div
          class="c6"
        >
          <img
            alt="natus nisi omnis corporis facere molestiae rerum in"
            class="c7"
            src="https://via.placeholder.com/600/f66b97"
          />
        </div>
        <div
          class="c6"
        >
          <img
            alt="accusamus ea aliquid et amet sequi nemo"
            class="c7"
            src="https://via.placeholder.com/600/56a8c2"
          />
        </div>
        <div
          class="c6"
        >
          <img
            alt="officia delectus consequatur vero aut veniam explicabo molestias"
            class="c7"
            src="https://via.placeholder.com/600/b0f7cc"
          />
        </div>
        <div
          class="c6"
        >
          <img
            alt="aut porro officiis laborum odit ea laudantium corporis"
            class="c7"
            src="https://via.placeholder.com/600/54176f"
          />
        </div>
        <div
          class="c6"
        >
          <img
            alt="qui eius qui autem sed"
            class="c7"
            src="https://via.placeholder.com/600/51aa97"
          />
        </div>
        <div
          class="c6"
        >
          <img
            alt="beatae et provident et ut vel"
            class="c7"
            src="https://via.placeholder.com/600/810b14"
          />
        </div>
      </div>
    </div>
  </div>
</div>
`;
