// Jest Snapshot v1, https://goo.gl/fbAQLP

exports[`<MenuLink /> Should render correct snapshot 1`] = `
.c0 {
  display: block;
  color: #0A1128;
  font-size: 1.6rem;
  padding: 1.6rem;
  position: relative;
}

.c0::after {
  content: '';
  position: absolute;
  background-color: #DC143C;
  height: 0.2rem;
  width: 0%;
  bottom: 10px;
  left: 50%;
  -webkit-transition: all 300ms ease-in-out;
  transition: all 300ms ease-in-out;
}

.c0:hover:after {
  left: 25%;
  width: 50%;
}

<a
  class="c0"
  href="https://github.com/3vinicius"
  target="_blank"
>
  children
</a>
`;
