// Jest Snapshot v1, https://goo.gl/fbAQLP

exports[`<GoTop /> Should render <GoTop /> 1`] = `
.c0 {
  position: fixed;
  background: #0A1128;
  color: #fff;
  display: -webkit-box;
  display: -webkit-flex;
  display: -ms-flexbox;
  display: flex;
  -webkit-align-items: center;
  -webkit-box-align: center;
  -ms-flex-align: center;
  align-items: center;
  -webkit-box-pack: center;
  -webkit-justify-content: center;
  -ms-flex-pack: center;
  justify-content: center;
  height: 4rem;
  width: 4rem;
  bottom: 2rem;
  right: 2rem;
  z-index: 6;
  opacity: 0.7;
  -webkit-transition: all 0.5s ease-out;
  transition: all 0.5s ease-out;
}

.c0:hover {
  opacity: 1;
}

.c1 {
  display: inline-block;
  vertical-align: middle;
  overflow: hidden;
}

<div>
  <a
    aria-label="Go To Top"
    class="c0"
    href="#"
  >
    <svg
      aria-hidden="true"
      class="c1"
      fill="currentColor"
      focusable="false"
      viewBox="0 0 24 24"
      xmlns="http://www.w3.org/2000/svg"
    >
      <path
        d="M7.41 15.41 12 10.83l4.59 4.58L18 14l-6-6-6 6z"
      />
    </svg>
  </a>
</div>
`;
