// Jest Snapshot v1, https://goo.gl/fbAQLP

exports[`<GridTwoColumn /> Should render <GridTwoColumn /> 1`] = `
.c4 {
  color: #fff;
  font-size: 6.4rem;
  text-transform: uppercase;
}

.c6 {
  font-size: 2.4rem;
  color: #fff;
}

.c1 {
  display: grid;
  grid-template-columns: 1fr 2fr;
  -webkit-align-items: center;
  -webkit-box-align: center;
  -ms-flex-align: center;
  align-items: center;
  gap: 3.2rem;
}

.c1 .c5 {
  color: #0A1128;
}

.c1 .c3 {
  margin-bottom: 3.2rem;
  color: #0A1128;
}

.c0 {
  background: #fff;
  color: #0A1128;
  min-height: 100vh;
  display: -webkit-box;
  display: -webkit-flex;
  display: -ms-flexbox;
  display: flex;
  -webkit-align-items: center;
  -webkit-box-align: center;
  -ms-flex-align: center;
  align-items: center;
}

@media (max-width:768px) {
  .c4 {
    font-size: 3.2rem;
  }
}

@media (max-width:768px) {
  .c1 {
    grid-template-columns: 1fr;
    text-align: center;
  }
}

@media (max-width:768px) {
  .c2 {
    margin-bottom: 3.2rem;
  }
}

<div>
  <div
    class="c0"
  >
    <div
      class="c1"
    >
      <div
        class="c2"
      >
        <h1
          class="c3 c4"
        >
          Grid Two Column
        </h1>
        <p
          class="c5 c6"
        >
          Lorem ipsum dolor sit amet consectetur adipisicing elit.
  Cupiditateipsum corrupti esse nihil. Consequuntur eos deleniti, dolor
  velit avoluptatum consectetur nihil placeat ullam expedita saepe qui
  minima ipsum! Debitis.
        </p>
      </div>
      <div
        class=""
      >
        <img
          alt="Grid Two Column"
          class=""
          src="../../../assets/javascript.svg"
        />
      </div>
    </div>
  </div>
</div>
`;
