// Jest Snapshot v1, https://goo.gl/fbAQLP

exports[`<Heading/> Should match snapshot 1`] = `
.c0 {
  color: #fff;
  font-size: 6.4rem;
  text-transform: none;
}

@media (max-width:768px) {
  .c0 {
    font-size: 3.2rem;
  }
}

<div>
  <h1
    class="c0"
  >
    texto
  </h1>
</div>
`;
